Archive member included because of file (symbol)

c:/program files/gnu tools arm embedded/4.8 2014q2/bin/../lib/gcc/arm-none-eabi/4.8.4/armv7e-m\libgcc.a(_arm_addsubsf3.o)
                              ..\obj\stm32_ub_hcsr04.o (__aeabi_ui2f)
c:/program files/gnu tools arm embedded/4.8 2014q2/bin/../lib/gcc/arm-none-eabi/4.8.4/armv7e-m\libgcc.a(_arm_muldivsf3.o)
                              ..\obj\stm32_ub_hcsr04.o (__aeabi_fmul)
c:/program files/gnu tools arm embedded/4.8 2014q2/bin/../lib/gcc/arm-none-eabi/4.8.4/armv7e-m\libgcc.a(_arm_cmpsf2.o)
                              ..\obj\main.o (__aeabi_fcmpgt)
c:/program files/gnu tools arm embedded/4.8 2014q2/bin/../lib/gcc/arm-none-eabi/4.8.4/armv7e-m\libgcc.a(_arm_fixsfsi.o)
                              ..\obj\main.o (__aeabi_f2iz)

Allocating common symbols
Common symbol       size              file

HCSR04              0xc               ..\obj\stm32_ub_hcsr04.o
multiplier          0x4               ..\obj\main.o
GPIO_InitStructure  0x8               ..\obj\stm32_ub_hcsr04.o
GPIO_MuxStructure   0x8               ..\obj\stm32_ub_hcsr04.o

Discarded input sections

 .text          0x00000000        0x0 ..\obj\semihosting.o
 .data          0x00000000        0x0 ..\obj\semihosting.o
 .text.SH_SendString
                0x00000000       0x24 ..\obj\semihosting.o
 .text.SH_GetChar
                0x00000000       0x40 ..\obj\semihosting.o
 .text          0x00000000        0x0 ..\obj\stm32_ub_hcsr04.o
 .data          0x00000000        0x0 ..\obj\stm32_ub_hcsr04.o
 .bss           0x00000000        0x0 ..\obj\stm32_ub_hcsr04.o
 .text          0x00000000        0x0 ..\obj\startup_stm32f4xx.o
 .data          0x00000000        0x0 ..\obj\startup_stm32f4xx.o
 .bss           0x00000000        0x0 ..\obj\startup_stm32f4xx.o
 .text          0x00000000        0x0 ..\obj\stm32_ub_led.o
 .bss           0x00000000        0x0 ..\obj\stm32_ub_led.o
 .text.UB_Led_Toggle
                0x00000000       0x50 ..\obj\stm32_ub_led.o
 .text.UB_Led_Switch
                0x00000000       0x2c ..\obj\stm32_ub_led.o
 .text          0x00000000        0x0 ..\obj\main.o
 .data          0x00000000        0x0 ..\obj\main.o
 .bss           0x00000000        0x0 ..\obj\main.o
 .text          0x00000000        0x0 ..\obj\stm32f4xx_rcc.o
 .bss           0x00000000        0x0 ..\obj\stm32f4xx_rcc.o
 .text.RCC_DeInit
                0x00000000       0x50 ..\obj\stm32f4xx_rcc.o
 .text.RCC_HSEConfig
                0x00000000       0x24 ..\obj\stm32f4xx_rcc.o
 .text.RCC_WaitForHSEStartUp
                0x00000000       0x50 ..\obj\stm32f4xx_rcc.o
 .text.RCC_AdjustHSICalibrationValue
                0x00000000       0x3c ..\obj\stm32f4xx_rcc.o
 .text.RCC_HSICmd
                0x00000000       0x20 ..\obj\stm32f4xx_rcc.o
 .text.RCC_LSEConfig
                0x00000000       0x40 ..\obj\stm32f4xx_rcc.o
 .text.RCC_LSICmd
                0x00000000       0x20 ..\obj\stm32f4xx_rcc.o
 .text.RCC_PLLConfig
                0x00000000       0x3c ..\obj\stm32f4xx_rcc.o
 .text.RCC_PLLCmd
                0x00000000       0x20 ..\obj\stm32f4xx_rcc.o
 .text.RCC_PLLI2SConfig
                0x00000000       0x28 ..\obj\stm32f4xx_rcc.o
 .text.RCC_PLLI2SCmd
                0x00000000       0x20 ..\obj\stm32f4xx_rcc.o
 .text.RCC_ClockSecuritySystemCmd
                0x00000000       0x20 ..\obj\stm32f4xx_rcc.o
 .text.RCC_MCO1Config
                0x00000000       0x3c ..\obj\stm32f4xx_rcc.o
 .text.RCC_MCO2Config
                0x00000000       0x3c ..\obj\stm32f4xx_rcc.o
 .text.RCC_SYSCLKConfig
                0x00000000       0x38 ..\obj\stm32f4xx_rcc.o
 .text.RCC_GetSYSCLKSource
                0x00000000       0x20 ..\obj\stm32f4xx_rcc.o
 .text.RCC_HCLKConfig
                0x00000000       0x38 ..\obj\stm32f4xx_rcc.o
 .text.RCC_PCLK1Config
                0x00000000       0x38 ..\obj\stm32f4xx_rcc.o
 .text.RCC_PCLK2Config
                0x00000000       0x38 ..\obj\stm32f4xx_rcc.o
 .text.RCC_RTCCLKConfig
                0x00000000       0x5c ..\obj\stm32f4xx_rcc.o
 .text.RCC_RTCCLKCmd
                0x00000000       0x20 ..\obj\stm32f4xx_rcc.o
 .text.RCC_BackupResetCmd
                0x00000000       0x20 ..\obj\stm32f4xx_rcc.o
 .text.RCC_I2SCLKConfig
                0x00000000       0x1c ..\obj\stm32f4xx_rcc.o
 .text.RCC_AHB2PeriphClockCmd
                0x00000000       0x3c ..\obj\stm32f4xx_rcc.o
 .text.RCC_AHB3PeriphClockCmd
                0x00000000       0x3c ..\obj\stm32f4xx_rcc.o
 .text.RCC_APB2PeriphClockCmd
                0x00000000       0x3c ..\obj\stm32f4xx_rcc.o
 .text.RCC_AHB1PeriphResetCmd
                0x00000000       0x3c ..\obj\stm32f4xx_rcc.o
 .text.RCC_AHB2PeriphResetCmd
                0x00000000       0x3c ..\obj\stm32f4xx_rcc.o
 .text.RCC_AHB3PeriphResetCmd
                0x00000000       0x3c ..\obj\stm32f4xx_rcc.o
 .text.RCC_APB1PeriphResetCmd
                0x00000000       0x3c ..\obj\stm32f4xx_rcc.o
 .text.RCC_APB2PeriphResetCmd
                0x00000000       0x3c ..\obj\stm32f4xx_rcc.o
 .text.RCC_AHB1PeriphClockLPModeCmd
                0x00000000       0x3c ..\obj\stm32f4xx_rcc.o
 .text.RCC_AHB2PeriphClockLPModeCmd
                0x00000000       0x3c ..\obj\stm32f4xx_rcc.o
 .text.RCC_AHB3PeriphClockLPModeCmd
                0x00000000       0x3c ..\obj\stm32f4xx_rcc.o
 .text.RCC_APB1PeriphClockLPModeCmd
                0x00000000       0x3c ..\obj\stm32f4xx_rcc.o
 .text.RCC_APB2PeriphClockLPModeCmd
                0x00000000       0x3c ..\obj\stm32f4xx_rcc.o
 .text.RCC_ITConfig
                0x00000000       0x48 ..\obj\stm32f4xx_rcc.o
 .text.RCC_GetFlagStatus
                0x00000000       0x74 ..\obj\stm32f4xx_rcc.o
 .text.RCC_ClearFlag
                0x00000000       0x1c ..\obj\stm32f4xx_rcc.o
 .text.RCC_GetITStatus
                0x00000000       0x38 ..\obj\stm32f4xx_rcc.o
 .text.RCC_ClearITPendingBit
                0x00000000       0x20 ..\obj\stm32f4xx_rcc.o
 .text          0x00000000        0x0 ..\obj\printf.o
 .bss           0x00000000        0x0 ..\obj\printf.o
 .text.PrintString
                0x00000000       0x14 ..\obj\printf.o
 .text.snprintf
                0x00000000       0x30 ..\obj\printf.o
 .text.fprintf  0x00000000       0x2c ..\obj\printf.o
 .text.sprintf  0x00000000       0x2c ..\obj\printf.o
 .text.puts     0x00000000       0x24 ..\obj\printf.o
 .text          0x00000000        0x0 ..\obj\stm32f4xx_gpio.o
 .data          0x00000000        0x0 ..\obj\stm32f4xx_gpio.o
 .bss           0x00000000        0x0 ..\obj\stm32f4xx_gpio.o
 .text.GPIO_DeInit
                0x00000000      0x120 ..\obj\stm32f4xx_gpio.o
 .text.GPIO_StructInit
                0x00000000       0x34 ..\obj\stm32f4xx_gpio.o
 .text.GPIO_PinLockConfig
                0x00000000       0x44 ..\obj\stm32f4xx_gpio.o
 .text.GPIO_ReadInputDataBit
                0x00000000       0x34 ..\obj\stm32f4xx_gpio.o
 .text.GPIO_ReadInputData
                0x00000000       0x1c ..\obj\stm32f4xx_gpio.o
 .text.GPIO_ReadOutputDataBit
                0x00000000       0x34 ..\obj\stm32f4xx_gpio.o
 .text.GPIO_ReadOutputData
                0x00000000       0x1c ..\obj\stm32f4xx_gpio.o
 .text.GPIO_WriteBit
                0x00000000       0x30 ..\obj\stm32f4xx_gpio.o
 .text.GPIO_Write
                0x00000000       0x1c ..\obj\stm32f4xx_gpio.o
 .text.GPIO_ToggleBits
                0x00000000       0x24 ..\obj\stm32f4xx_gpio.o
 .data          0x00000000        0x0 ..\obj\sh_cmd.o
 .bss           0x00000000        0x0 ..\obj\sh_cmd.o
 .text          0x00000000        0x0 ..\obj\system_stm32f4xx.o
 .data          0x00000000       0x14 ..\obj\system_stm32f4xx.o
 .bss           0x00000000        0x0 ..\obj\system_stm32f4xx.o
 .text.SystemCoreClockUpdate
                0x00000000       0xf8 ..\obj\system_stm32f4xx.o
 .text          0x00000000        0x0 ..\obj\misc.o
 .data          0x00000000        0x0 ..\obj\misc.o
 .bss           0x00000000        0x0 ..\obj\misc.o
 .text.NVIC_PriorityGroupConfig
                0x00000000       0x24 ..\obj\misc.o
 .text.NVIC_SetVectorTable
                0x00000000       0x2c ..\obj\misc.o
 .text.NVIC_SystemLPConfig
                0x00000000       0x40 ..\obj\misc.o
 .text.SysTick_CLKSourceConfig
                0x00000000       0x38 ..\obj\misc.o
 .text          0x00000000        0x0 ..\obj\stm32f4xx_tim.o
 .data          0x00000000        0x0 ..\obj\stm32f4xx_tim.o
 .bss           0x00000000        0x0 ..\obj\stm32f4xx_tim.o
 .text.TIM_DeInit
                0x00000000      0x1bc ..\obj\stm32f4xx_tim.o
 .text.TIM_TimeBaseStructInit
                0x00000000       0x34 ..\obj\stm32f4xx_tim.o
 .text.TIM_CounterModeConfig
                0x00000000       0x38 ..\obj\stm32f4xx_tim.o
 .text.TIM_SetAutoreload
                0x00000000       0x1c ..\obj\stm32f4xx_tim.o
 .text.TIM_GetCounter
                0x00000000       0x18 ..\obj\stm32f4xx_tim.o
 .text.TIM_GetPrescaler
                0x00000000       0x1c ..\obj\stm32f4xx_tim.o
 .text.TIM_UpdateDisableConfig
                0x00000000       0x40 ..\obj\stm32f4xx_tim.o
 .text.TIM_UpdateRequestConfig
                0x00000000       0x40 ..\obj\stm32f4xx_tim.o
 .text.TIM_SelectOnePulseMode
                0x00000000       0x38 ..\obj\stm32f4xx_tim.o
 .text.TIM_SetClockDivision
                0x00000000       0x38 ..\obj\stm32f4xx_tim.o
 .text.TIM_OC1Init
                0x00000000       0xf4 ..\obj\stm32f4xx_tim.o
 .text.TIM_OC2Init
                0x00000000      0x110 ..\obj\stm32f4xx_tim.o
 .text.TIM_OC3Init
                0x00000000      0x10c ..\obj\stm32f4xx_tim.o
 .text.TIM_OC4Init
                0x00000000       0xcc ..\obj\stm32f4xx_tim.o
 .text.TIM_OCStructInit
                0x00000000       0x44 ..\obj\stm32f4xx_tim.o
 .text.TIM_SelectOCxM
                0x00000000       0xac ..\obj\stm32f4xx_tim.o
 .text.TIM_SetCompare1
                0x00000000       0x1c ..\obj\stm32f4xx_tim.o
 .text.TIM_SetCompare2
                0x00000000       0x1c ..\obj\stm32f4xx_tim.o
 .text.TIM_SetCompare3
                0x00000000       0x1c ..\obj\stm32f4xx_tim.o
 .text.TIM_SetCompare4
                0x00000000       0x1c ..\obj\stm32f4xx_tim.o
 .text.TIM_ForcedOC1Config
                0x00000000       0x38 ..\obj\stm32f4xx_tim.o
 .text.TIM_ForcedOC2Config
                0x00000000       0x3c ..\obj\stm32f4xx_tim.o
 .text.TIM_ForcedOC3Config
                0x00000000       0x38 ..\obj\stm32f4xx_tim.o
 .text.TIM_ForcedOC4Config
                0x00000000       0x3c ..\obj\stm32f4xx_tim.o
 .text.TIM_OC1PreloadConfig
                0x00000000       0x38 ..\obj\stm32f4xx_tim.o
 .text.TIM_OC2PreloadConfig
                0x00000000       0x3c ..\obj\stm32f4xx_tim.o
 .text.TIM_OC3PreloadConfig
                0x00000000       0x38 ..\obj\stm32f4xx_tim.o
 .text.TIM_OC4PreloadConfig
                0x00000000       0x3c ..\obj\stm32f4xx_tim.o
 .text.TIM_OC1FastConfig
                0x00000000       0x38 ..\obj\stm32f4xx_tim.o
 .text.TIM_OC2FastConfig
                0x00000000       0x3c ..\obj\stm32f4xx_tim.o
 .text.TIM_OC3FastConfig
                0x00000000       0x38 ..\obj\stm32f4xx_tim.o
 .text.TIM_OC4FastConfig
                0x00000000       0x3c ..\obj\stm32f4xx_tim.o
 .text.TIM_ClearOC1Ref
                0x00000000       0x38 ..\obj\stm32f4xx_tim.o
 .text.TIM_ClearOC2Ref
                0x00000000       0x3c ..\obj\stm32f4xx_tim.o
 .text.TIM_ClearOC3Ref
                0x00000000       0x38 ..\obj\stm32f4xx_tim.o
 .text.TIM_ClearOC4Ref
                0x00000000       0x3c ..\obj\stm32f4xx_tim.o
 .text.TIM_OC1PolarityConfig
                0x00000000       0x38 ..\obj\stm32f4xx_tim.o
 .text.TIM_OC1NPolarityConfig
                0x00000000       0x38 ..\obj\stm32f4xx_tim.o
 .text.TIM_OC2PolarityConfig
                0x00000000       0x3c ..\obj\stm32f4xx_tim.o
 .text.TIM_OC2NPolarityConfig
                0x00000000       0x3c ..\obj\stm32f4xx_tim.o
 .text.TIM_OC3PolarityConfig
                0x00000000       0x3c ..\obj\stm32f4xx_tim.o
 .text.TIM_OC3NPolarityConfig
                0x00000000       0x3c ..\obj\stm32f4xx_tim.o
 .text.TIM_OC4PolarityConfig
                0x00000000       0x3c ..\obj\stm32f4xx_tim.o
 .text.TIM_CCxCmd
                0x00000000       0x54 ..\obj\stm32f4xx_tim.o
 .text.TIM_CCxNCmd
                0x00000000       0x54 ..\obj\stm32f4xx_tim.o
 .text.TIM_ICInit
                0x00000000       0xa8 ..\obj\stm32f4xx_tim.o
 .text.TIM_ICStructInit
                0x00000000       0x30 ..\obj\stm32f4xx_tim.o
 .text.TIM_GetCapture3
                0x00000000       0x18 ..\obj\stm32f4xx_tim.o
 .text.TIM_GetCapture4
                0x00000000       0x18 ..\obj\stm32f4xx_tim.o
 .text.TIM_SetIC3Prescaler
                0x00000000       0x38 ..\obj\stm32f4xx_tim.o
 .text.TIM_SetIC4Prescaler
                0x00000000       0x3c ..\obj\stm32f4xx_tim.o
 .text.TIM_BDTRConfig
                0x00000000       0x50 ..\obj\stm32f4xx_tim.o
 .text.TIM_BDTRStructInit
                0x00000000       0x3c ..\obj\stm32f4xx_tim.o
 .text.TIM_CtrlPWMOutputs
                0x00000000       0x4c ..\obj\stm32f4xx_tim.o
 .text.TIM_SelectCOM
                0x00000000       0x40 ..\obj\stm32f4xx_tim.o
 .text.TIM_CCPreloadControl
                0x00000000       0x40 ..\obj\stm32f4xx_tim.o
 .text.TIM_GenerateEvent
                0x00000000       0x1c ..\obj\stm32f4xx_tim.o
 .text.TIM_GetFlagStatus
                0x00000000       0x38 ..\obj\stm32f4xx_tim.o
 .text.TIM_ClearFlag
                0x00000000       0x20 ..\obj\stm32f4xx_tim.o
 .text.TIM_DMAConfig
                0x00000000       0x28 ..\obj\stm32f4xx_tim.o
 .text.TIM_DMACmd
                0x00000000       0x48 ..\obj\stm32f4xx_tim.o
 .text.TIM_SelectCCDMA
                0x00000000       0x40 ..\obj\stm32f4xx_tim.o
 .text.TIM_InternalClockConfig
                0x00000000       0x24 ..\obj\stm32f4xx_tim.o
 .text.TIM_ITRxExternalClockConfig
                0x00000000       0x2c ..\obj\stm32f4xx_tim.o
 .text.TIM_TIxExternalClockConfig
                0x00000000       0x54 ..\obj\stm32f4xx_tim.o
 .text.TIM_ETRClockMode1Config
                0x00000000       0x50 ..\obj\stm32f4xx_tim.o
 .text.TIM_ETRClockMode2Config
                0x00000000       0x30 ..\obj\stm32f4xx_tim.o
 .text.TIM_SelectOutputTrigger
                0x00000000       0x38 ..\obj\stm32f4xx_tim.o
 .text.TIM_ETRConfig
                0x00000000       0x48 ..\obj\stm32f4xx_tim.o
 .text.TIM_EncoderInterfaceConfig
                0x00000000       0x8c ..\obj\stm32f4xx_tim.o
 .text.TIM_SelectHallSensor
                0x00000000       0x40 ..\obj\stm32f4xx_tim.o
 .text.TIM_RemapConfig
                0x00000000       0x20 ..\obj\stm32f4xx_tim.o
 .text.TI3_Config
                0x00000000       0x84 ..\obj\stm32f4xx_tim.o
 .text.TI4_Config
                0x00000000       0x90 ..\obj\stm32f4xx_tim.o
 .data          0x00000000        0x0 c:/program files/gnu tools arm embedded/4.8 2014q2/bin/../lib/gcc/arm-none-eabi/4.8.4/armv7e-m\libgcc.a(_arm_addsubsf3.o)
 .bss           0x00000000        0x0 c:/program files/gnu tools arm embedded/4.8 2014q2/bin/../lib/gcc/arm-none-eabi/4.8.4/armv7e-m\libgcc.a(_arm_addsubsf3.o)
 .data          0x00000000        0x0 c:/program files/gnu tools arm embedded/4.8 2014q2/bin/../lib/gcc/arm-none-eabi/4.8.4/armv7e-m\libgcc.a(_arm_muldivsf3.o)
 .bss           0x00000000        0x0 c:/program files/gnu tools arm embedded/4.8 2014q2/bin/../lib/gcc/arm-none-eabi/4.8.4/armv7e-m\libgcc.a(_arm_muldivsf3.o)
 .data          0x00000000        0x0 c:/program files/gnu tools arm embedded/4.8 2014q2/bin/../lib/gcc/arm-none-eabi/4.8.4/armv7e-m\libgcc.a(_arm_cmpsf2.o)
 .bss           0x00000000        0x0 c:/program files/gnu tools arm embedded/4.8 2014q2/bin/../lib/gcc/arm-none-eabi/4.8.4/armv7e-m\libgcc.a(_arm_cmpsf2.o)
 .data          0x00000000        0x0 c:/program files/gnu tools arm embedded/4.8 2014q2/bin/../lib/gcc/arm-none-eabi/4.8.4/armv7e-m\libgcc.a(_arm_fixsfsi.o)
 .bss           0x00000000        0x0 c:/program files/gnu tools arm embedded/4.8 2014q2/bin/../lib/gcc/arm-none-eabi/4.8.4/armv7e-m\libgcc.a(_arm_fixsfsi.o)

Memory Configuration

Name             Origin             Length             Attributes
rom              0x08000000         0x00100000         xr
ram              0x20000000         0x00020000         xrw
ram1             0x10000000         0x00010000         xrw
*default*        0x00000000         0xffffffff

Linker script and memory map

                0x20020000                _eram = 0x20020000

.text           0x08000000     0x203c
 *(.isr_vector)
 .isr_vector    0x08000000      0x188 ..\obj\startup_stm32f4xx.o
                0x08000000                g_pfnVectors
 *(.text*)
 .text.SH_SendChar
                0x08000188       0x64 ..\obj\semihosting.o
                0x08000188                SH_SendChar
 .text.UB_HCSR04_Init
                0x080001ec       0x28 ..\obj\stm32_ub_hcsr04.o
                0x080001ec                UB_HCSR04_Init
 .text.UB_HCSR04_Distance_cm
                0x08000214       0xdc ..\obj\stm32_ub_hcsr04.o
                0x08000214                UB_HCSR04_Distance_cm
 .text.P_HCSR04_Trigger
                0x080002f0       0x40 ..\obj\stm32_ub_hcsr04.o
                0x080002f0                P_HCSR04_Trigger
 .text.EXT_HCSR04_SEL
                0x08000330       0x3c ..\obj\stm32_ub_hcsr04.o
                0x08000330                EXT_HCSR04_SEL
 .text.P_HCSR04_InitIO
                0x0800036c       0x80 ..\obj\stm32_ub_hcsr04.o
                0x0800036c                P_HCSR04_InitIO
 .text.P_HCSR04_InitTIM
                0x080003ec       0x98 ..\obj\stm32_ub_hcsr04.o
                0x080003ec                P_HCSR04_InitTIM
 .text.P_HCSR04_InitNVIC
                0x08000484       0x58 ..\obj\stm32_ub_hcsr04.o
                0x08000484                P_HCSR04_InitNVIC
 .text.TIM2_IRQHandler
                0x080004dc       0x54 ..\obj\stm32_ub_hcsr04.o
                0x080004dc                TIM2_IRQHandler
 .text.TIM7_IRQHandler
                0x08000530       0x30 ..\obj\stm32_ub_hcsr04.o
                0x08000530                TIM7_IRQHandler
 .text.Default_Reset_Handler
                0x08000560       0x5c ..\obj\startup_stm32f4xx.o
                0x08000560                Default_Reset_Handler
                0x08000560                Reset_Handler
 .text.Default_Handler
                0x080005bc        0x8 ..\obj\startup_stm32f4xx.o
                0x080005bc                RTC_Alarm_IRQHandler
                0x080005bc                HASH_RNG_IRQHandler
                0x080005bc                EXTI2_IRQHandler
                0x080005bc                TIM8_CC_IRQHandler
                0x080005bc                DebugMon_Handler
                0x080005bc                TIM1_CC_IRQHandler
                0x080005bc                DMA2_Stream5_IRQHandler
                0x080005bc                DMA1_Stream5_IRQHandler
                0x080005bc                SysTick_Handler
                0x080005bc                PVD_IRQHandler
                0x080005bc                SDIO_IRQHandler
                0x080005bc                TAMP_STAMP_IRQHandler
                0x080005bc                PendSV_Handler
                0x080005bc                NMI_Handler
                0x080005bc                CAN2_RX1_IRQHandler
                0x080005bc                EXTI3_IRQHandler
                0x080005bc                TIM8_TRG_COM_TIM14_IRQHandler
                0x080005bc                TIM1_UP_TIM10_IRQHandler
                0x080005bc                TIM8_UP_TIM13_IRQHandler
                0x080005bc                I2C3_ER_IRQHandler
                0x080005bc                EXTI0_IRQHandler
                0x080005bc                I2C2_EV_IRQHandler
                0x080005bc                DMA1_Stream2_IRQHandler
                0x080005bc                CAN1_RX0_IRQHandler
                0x080005bc                FPU_IRQHandler
                0x080005bc                OTG_HS_WKUP_IRQHandler
                0x080005bc                UsageFault_Handler
                0x080005bc                CAN2_SCE_IRQHandler
                0x080005bc                DMA2_Stream2_IRQHandler
                0x080005bc                SPI1_IRQHandler
                0x080005bc                TIM6_DAC_IRQHandler
                0x080005bc                TIM1_BRK_TIM9_IRQHandler
                0x080005bc                DCMI_IRQHandler
                0x080005bc                CAN2_RX0_IRQHandler
                0x080005bc                DMA2_Stream3_IRQHandler
                0x080005bc                USART6_IRQHandler
                0x080005bc                USART3_IRQHandler
                0x080005bc                CRYP_IRQHandler
                0x080005bc                CAN1_RX1_IRQHandler
                0x080005bc                UART5_IRQHandler
                0x080005bc                DMA2_Stream0_IRQHandler
                0x080005bc                TIM4_IRQHandler
                0x080005bc                I2C1_EV_IRQHandler
                0x080005bc                DMA1_Stream6_IRQHandler
                0x080005bc                DMA1_Stream1_IRQHandler
                0x080005bc                UART4_IRQHandler
                0x080005bc                TIM3_IRQHandler
                0x080005bc                RCC_IRQHandler
                0x080005bc                TIM8_BRK_TIM12_IRQHandler
                0x080005bc                EXTI15_10_IRQHandler
                0x080005bc                ADC_IRQHandler
                0x080005bc                DMA1_Stream7_IRQHandler
                0x080005bc                CAN2_TX_IRQHandler
                0x080005bc                TIM5_IRQHandler
                0x080005bc                DMA2_Stream7_IRQHandler
                0x080005bc                I2C3_EV_IRQHandler
                0x080005bc                EXTI9_5_IRQHandler
                0x080005bc                RTC_WKUP_IRQHandler
                0x080005bc                ETH_WKUP_IRQHandler
                0x080005bc                SPI2_IRQHandler
                0x080005bc                OTG_HS_EP1_IN_IRQHandler
                0x080005bc                MemManage_Handler
                0x080005bc                DMA1_Stream0_IRQHandler
                0x080005bc                CAN1_TX_IRQHandler
                0x080005bc                SVC_Handler
                0x080005bc                EXTI4_IRQHandler
                0x080005bc                FSMC_IRQHandler
                0x080005bc                ETH_IRQHandler
                0x080005bc                OTG_HS_EP1_OUT_IRQHandler
                0x080005bc                WWDG_IRQHandler
                0x080005bc                OTG_FS_WKUP_IRQHandler
                0x080005bc                TIM1_TRG_COM_TIM11_IRQHandler
                0x080005bc                OTG_HS_IRQHandler
                0x080005bc                EXTI1_IRQHandler
                0x080005bc                USART2_IRQHandler
                0x080005bc                I2C2_ER_IRQHandler
                0x080005bc                DMA2_Stream1_IRQHandler
                0x080005bc                CAN1_SCE_IRQHandler
                0x080005bc                FLASH_IRQHandler
                0x080005bc                DMA2_Stream4_IRQHandler
                0x080005bc                BusFault_Handler
                0x080005bc                USART1_IRQHandler
                0x080005bc                OTG_FS_IRQHandler
                0x080005bc                SPI3_IRQHandler
                0x080005bc                DMA1_Stream4_IRQHandler
                0x080005bc                I2C1_ER_IRQHandler
                0x080005bc                DMA2_Stream6_IRQHandler
                0x080005bc                DMA1_Stream3_IRQHandler
 .text.UB_Led_Init
                0x080005c4       0xa4 ..\obj\stm32_ub_led.o
                0x080005c4                UB_Led_Init
 .text.UB_Led_Off
                0x08000668       0x3c ..\obj\stm32_ub_led.o
                0x08000668                UB_Led_Off
 .text.UB_Led_On
                0x080006a4       0x3c ..\obj\stm32_ub_led.o
                0x080006a4                UB_Led_On
 .text.TM_Delay_Init
                0x080006e0       0x2c ..\obj\main.o
                0x080006e0                TM_Delay_Init
 .text.TM_DelayMicros
                0x0800070c       0x30 ..\obj\main.o
                0x0800070c                TM_DelayMicros
 .text.main     0x0800073c      0x100 ..\obj\main.o
                0x0800073c                main
 .text.RCC_GetClocksFreq
                0x0800083c      0x154 ..\obj\stm32f4xx_rcc.o
                0x0800083c                RCC_GetClocksFreq
 .text.RCC_AHB1PeriphClockCmd
                0x08000990       0x3c ..\obj\stm32f4xx_rcc.o
                0x08000990                RCC_AHB1PeriphClockCmd
 .text.RCC_APB1PeriphClockCmd
                0x080009cc       0x3c ..\obj\stm32f4xx_rcc.o
                0x080009cc                RCC_APB1PeriphClockCmd
 .text.PrintChar
                0x08000a08       0x18 ..\obj\printf.o
                0x08000a08                PrintChar
 .text.PutChar  0x08000a20       0x20 ..\obj\printf.o
                0x08000a20                PutChar
 .text.PutString
                0x08000a40       0x3c ..\obj\printf.o
                0x08000a40                PutString
 .text.PutUnsignedInt
                0x08000a7c       0xa0 ..\obj\printf.o
                0x08000a7c                PutUnsignedInt
 .text.PutSignedInt
                0x08000b1c       0xfc ..\obj\printf.o
                0x08000b1c                PutSignedInt
 .text.PutHexa  0x08000c18       0xd4 ..\obj\printf.o
                0x08000c18                PutHexa
 .text.vsnprintf
                0x08000cec      0x254 ..\obj\printf.o
                0x08000cec                vsnprintf
 .text.vsprintf
                0x08000f40       0x24 ..\obj\printf.o
                0x08000f40                vsprintf
 .text.vfprintf
                0x08000f64       0x68 ..\obj\printf.o
                0x08000f64                vfprintf
 .text.vprintf  0x08000fcc       0x28 ..\obj\printf.o
                0x08000fcc                vprintf
 .text.printf   0x08000ff4       0x28 ..\obj\printf.o
                0x08000ff4                printf
 .text.fputc    0x0800101c       0x40 ..\obj\printf.o
                0x0800101c                fputc
 .text.fputs    0x0800105c       0x48 ..\obj\printf.o
                0x0800105c                fputs
 .text.GPIO_Init
                0x080010a4      0x11c ..\obj\stm32f4xx_gpio.o
                0x080010a4                GPIO_Init
 .text.GPIO_SetBits
                0x080011c0       0x1c ..\obj\stm32f4xx_gpio.o
                0x080011c0                GPIO_SetBits
 .text.GPIO_ResetBits
                0x080011dc       0x1c ..\obj\stm32f4xx_gpio.o
                0x080011dc                GPIO_ResetBits
 .text.GPIO_PinAFConfig
                0x080011f8       0x8c ..\obj\stm32f4xx_gpio.o
                0x080011f8                GPIO_PinAFConfig
 .text          0x08001284       0x30 ..\obj\sh_cmd.o
                0x08001284                SH_DoCommand
                0x0800129a                HardFault_Handler
 .text.SystemInit
                0x080012b4       0x58 ..\obj\system_stm32f4xx.o
                0x080012b4                SystemInit
 .text.SetSysClock
                0x0800130c       0xf4 ..\obj\system_stm32f4xx.o
 .text.NVIC_Init
                0x08001400       0xbc ..\obj\misc.o
                0x08001400                NVIC_Init
 .text.TIM_TimeBaseInit
                0x080014bc       0xd4 ..\obj\stm32f4xx_tim.o
                0x080014bc                TIM_TimeBaseInit
 .text.TIM_PrescalerConfig
                0x08001590       0x28 ..\obj\stm32f4xx_tim.o
                0x08001590                TIM_PrescalerConfig
 .text.TIM_SetCounter
                0x080015b8       0x1c ..\obj\stm32f4xx_tim.o
                0x080015b8                TIM_SetCounter
 .text.TIM_ARRPreloadConfig
                0x080015d4       0x40 ..\obj\stm32f4xx_tim.o
                0x080015d4                TIM_ARRPreloadConfig
 .text.TIM_Cmd  0x08001614       0x40 ..\obj\stm32f4xx_tim.o
                0x08001614                TIM_Cmd
 .text.TIM_PWMIConfig
                0x08001654       0xb8 ..\obj\stm32f4xx_tim.o
                0x08001654                TIM_PWMIConfig
 .text.TIM_GetCapture1
                0x0800170c       0x18 ..\obj\stm32f4xx_tim.o
                0x0800170c                TIM_GetCapture1
 .text.TIM_GetCapture2
                0x08001724       0x18 ..\obj\stm32f4xx_tim.o
                0x08001724                TIM_GetCapture2
 .text.TIM_SetIC1Prescaler
                0x0800173c       0x38 ..\obj\stm32f4xx_tim.o
                0x0800173c                TIM_SetIC1Prescaler
 .text.TIM_SetIC2Prescaler
                0x08001774       0x3c ..\obj\stm32f4xx_tim.o
                0x08001774                TIM_SetIC2Prescaler
 .text.TIM_ITConfig
                0x080017b0       0x48 ..\obj\stm32f4xx_tim.o
                0x080017b0                TIM_ITConfig
 .text.TIM_GetITStatus
                0x080017f8       0x54 ..\obj\stm32f4xx_tim.o
                0x080017f8                TIM_GetITStatus
 .text.TIM_ClearITPendingBit
                0x0800184c       0x20 ..\obj\stm32f4xx_tim.o
                0x0800184c                TIM_ClearITPendingBit
 .text.TIM_SelectInputTrigger
                0x0800186c       0x38 ..\obj\stm32f4xx_tim.o
                0x0800186c                TIM_SelectInputTrigger
 .text.TIM_SelectSlaveMode
                0x080018a4       0x38 ..\obj\stm32f4xx_tim.o
                0x080018a4                TIM_SelectSlaveMode
 .text.TIM_SelectMasterSlaveMode
                0x080018dc       0x38 ..\obj\stm32f4xx_tim.o
                0x080018dc                TIM_SelectMasterSlaveMode
 .text.TI1_Config
                0x08001914       0x78 ..\obj\stm32f4xx_tim.o
 .text.TI2_Config
                0x0800198c       0x8c ..\obj\stm32f4xx_tim.o
 .text          0x08001a18      0x21c c:/program files/gnu tools arm embedded/4.8 2014q2/bin/../lib/gcc/arm-none-eabi/4.8.4/armv7e-m\libgcc.a(_arm_addsubsf3.o)
                0x08001a18                __aeabi_frsub
                0x08001a20                __subsf3
                0x08001a20                __aeabi_fsub
                0x08001a24                __aeabi_fadd
                0x08001a24                __addsf3
                0x08001b84                __aeabi_ui2f
                0x08001b84                __floatunsisf
                0x08001b8c                __aeabi_i2f
                0x08001b8c                __floatsisf
                0x08001ba8                __aeabi_ul2f
                0x08001ba8                __floatundisf
                0x08001bb8                __aeabi_l2f
                0x08001bb8                __floatdisf
 .text          0x08001c34      0x2a0 c:/program files/gnu tools arm embedded/4.8 2014q2/bin/../lib/gcc/arm-none-eabi/4.8.4/armv7e-m\libgcc.a(_arm_muldivsf3.o)
                0x08001c34                __mulsf3
                0x08001c34                __aeabi_fmul
                0x08001d9c                __aeabi_fdiv
                0x08001d9c                __divsf3
 .text          0x08001ed4       0xec c:/program files/gnu tools arm embedded/4.8 2014q2/bin/../lib/gcc/arm-none-eabi/4.8.4/armv7e-m\libgcc.a(_arm_cmpsf2.o)
                0x08001ed4                __gesf2
                0x08001ed4                __gtsf2
                0x08001edc                __lesf2
                0x08001edc                __ltsf2
                0x08001ee4                __nesf2
                0x08001ee4                __eqsf2
                0x08001ee4                __cmpsf2
                0x08001f44                __aeabi_cfrcmple
                0x08001f4c                __aeabi_cfcmpeq
                0x08001f4c                __aeabi_cfcmple
                0x08001f5c                __aeabi_fcmpeq
                0x08001f70                __aeabi_fcmplt
                0x08001f84                __aeabi_fcmple
                0x08001f98                __aeabi_fcmpge
                0x08001fac                __aeabi_fcmpgt
 .text          0x08001fc0       0x4c c:/program files/gnu tools arm embedded/4.8 2014q2/bin/../lib/gcc/arm-none-eabi/4.8.4/armv7e-m\libgcc.a(_arm_fixsfsi.o)
                0x08001fc0                __aeabi_f2iz
                0x08001fc0                __fixsfsi
 *(.init)
 *(.fini)
 *crtbegin.o(.ctors)
 *crtbegin?.o(.ctors)
 *(EXCLUDE_FILE(*crtend.o *crtend?.o) .ctors)
 *(SORT(.ctors.*))
 *(.ctors)
 *crtbegin.o(.dtors)
 *crtbegin?.o(.dtors)
 *(EXCLUDE_FILE(*crtend.o *crtend?.o) .dtors)
 *(SORT(.dtors.*))
 *(.dtors)
 *(.rodata*)
 .rodata        0x0800200c        0xc ..\obj\main.o
 .rodata        0x08002018       0x24 ..\obj\printf.o
 *(.eh_fram e*)

.glue_7         0x0800203c        0x0
 .glue_7        0x00000000        0x0 linker stubs

.glue_7t        0x0800203c        0x0
 .glue_7t       0x00000000        0x0 linker stubs

.vfp11_veneer   0x0800203c        0x0
 .vfp11_veneer  0x00000000        0x0 linker stubs

.v4_bx          0x0800203c        0x0
 .v4_bx         0x00000000        0x0 linker stubs

.iplt           0x0800203c        0x0
 .iplt          0x00000000        0x0 ..\obj\semihosting.o

.rel.dyn        0x0800203c        0x0
 .rel.iplt      0x00000000        0x0 ..\obj\semihosting.o

.ARM.extab
 *(.ARM.extab* .gnu.linkonce.armextab.*)
                0x0800203c                __exidx_start = .

.ARM.exidx
 *(.ARM.exidx* .gnu.linkonce.armexidx.*)
                0x0800203c                __exidx_end = .
                0x0800203c                __etext = .
                0x0800203c                _sidata = __etext

.data           0x20000000      0x490 load address 0x0800203c
                0x20000000                __data_start__ = .
                0x20000000                _sdata = __data_start__
 *(vtable)
 *(.data*)
 .data          0x20000000       0x50 ..\obj\stm32_ub_led.o
                0x20000000                LED
 .data          0x20000050       0x10 ..\obj\stm32f4xx_rcc.o
 .data          0x20000060      0x430 ..\obj\printf.o
                0x20000060                r
                0x20000488                _impure_ptr
                0x20000490                . = ALIGN (0x4)
                0x20000490                PROVIDE (__preinit_array_start, .)
 *(.preinit_array)
                0x20000490                PROVIDE (__preinit_array_end, .)
                0x20000490                . = ALIGN (0x4)
                0x20000490                PROVIDE (__init_array_start, .)
 *(SORT(.init_array.*))
 *(.init_array)
                0x20000490                PROVIDE (__init_array_end, .)
                0x20000490                . = ALIGN (0x4)
                0x20000490                PROVIDE (__fini_array_start, .)
 *(SORT(.fini_array.*))
 *(.fini_array)
                0x20000490                PROVIDE (__fini_array_end, .)
 *(.jcr*)
                0x20000490                . = ALIGN (0x4)
                0x20000490                __data_end__ = .
                0x20000490                _edata = __data_end__

.igot.plt       0x20000490        0x0 load address 0x080024cc
 .igot.plt      0x00000000        0x0 ..\obj\semihosting.o

.bss            0x20000490       0x34 load address 0x080024cc
                0x20000490                . = ALIGN (0x4)
                0x20000490                __bss_start__ = .
                0x20000490                _sbss = __bss_start__
 *(.bss*)
 .bss           0x20000490       0x14 ..\obj\semihosting.o
 *(COMMON)
 COMMON         0x200004a4       0x1c ..\obj\stm32_ub_hcsr04.o
                0x200004a4                HCSR04
                0x200004b0                GPIO_InitStructure
                0x200004b8                GPIO_MuxStructure
 COMMON         0x200004c0        0x4 ..\obj\main.o
                0x200004c0                multiplier
                0x200004c4                . = ALIGN (0x4)
                0x200004c4                __bss_end__ = .
                0x200004c4                _ebss = __bss_end__

.heap           0x200004c4        0x0
                0x200004c4                __end__ = .
                0x200004c4                _end = __end__
                0x200004c4                end = __end__
 *(.heap*)
                0x200004c4                __HeapLimit = .

.co_stack       0x200004c4      0x804 load address 0x08002500
                0x200004c8                . = ALIGN (0x8)
 *fill*         0x200004c4        0x4 
 *(.co_stack .co_stack.*)
 .co_stack      0x200004c8      0x800 ..\obj\startup_stm32f4xx.o
                0x200004c8                pulStack
                0x20020000                __StackTop = (ORIGIN (ram) + 0x20000)
                0x2001f7fc                __StackLimit = (__StackTop - SIZEOF (.co_stack))
                0x20020000                PROVIDE (__stack, __StackTop)
                0x00000001                ASSERT ((__StackLimit >= __HeapLimit), region ram  overflowed with stack)
LOAD ..\obj\semihosting.o
LOAD ..\obj\stm32_ub_hcsr04.o
LOAD ..\obj\startup_stm32f4xx.o
LOAD ..\obj\stm32_ub_led.o
LOAD ..\obj\main.o
LOAD ..\obj\stm32f4xx_rcc.o
LOAD ..\obj\printf.o
LOAD ..\obj\stm32f4xx_gpio.o
LOAD ..\obj\sh_cmd.o
LOAD ..\obj\system_stm32f4xx.o
LOAD ..\obj\misc.o
LOAD ..\obj\stm32f4xx_tim.o
START GROUP
LOAD c:/program files/gnu tools arm embedded/4.8 2014q2/bin/../lib/gcc/arm-none-eabi/4.8.4/armv7e-m\libgcc.a
LOAD c:/program files/gnu tools arm embedded/4.8 2014q2/bin/../lib/gcc/arm-none-eabi/4.8.4/../../../../arm-none-eabi/lib/armv7e-m\libg.a
LOAD c:/program files/gnu tools arm embedded/4.8 2014q2/bin/../lib/gcc/arm-none-eabi/4.8.4/../../../../arm-none-eabi/lib/armv7e-m\libc.a
END GROUP
OUTPUT(Demo_72.elf elf32-littlearm)

.debug_info     0x00000000     0x5ab8
 .debug_info    0x00000000      0x122 ..\obj\semihosting.o
 .debug_info    0x00000122      0x94b ..\obj\stm32_ub_hcsr04.o
 .debug_info    0x00000a6d       0xed ..\obj\startup_stm32f4xx.o
 .debug_info    0x00000b5a      0x41a ..\obj\stm32_ub_led.o
 .debug_info    0x00000f74      0x2c6 ..\obj\main.o
 .debug_info    0x0000123a      0xc4d ..\obj\stm32f4xx_rcc.o
 .debug_info    0x00001e87      0xe5a ..\obj\printf.o
 .debug_info    0x00002ce1      0x602 ..\obj\stm32f4xx_gpio.o
 .debug_info    0x000032e3       0xa5 ..\obj\sh_cmd.o
 .debug_info    0x00003388      0x592 ..\obj\system_stm32f4xx.o
 .debug_info    0x0000391a      0x53d ..\obj\misc.o
 .debug_info    0x00003e57     0x1c61 ..\obj\stm32f4xx_tim.o

.debug_abbrev   0x00000000      0xf91
 .debug_abbrev  0x00000000       0x9e ..\obj\semihosting.o
 .debug_abbrev  0x0000009e      0x16d ..\obj\stm32_ub_hcsr04.o
 .debug_abbrev  0x0000020b       0xb0 ..\obj\startup_stm32f4xx.o
 .debug_abbrev  0x000002bb      0x149 ..\obj\stm32_ub_led.o
 .debug_abbrev  0x00000404      0x159 ..\obj\main.o
 .debug_abbrev  0x0000055d      0x1e3 ..\obj\stm32f4xx_rcc.o
 .debug_abbrev  0x00000740      0x298 ..\obj\printf.o
 .debug_abbrev  0x000009d8      0x1a3 ..\obj\stm32f4xx_gpio.o
 .debug_abbrev  0x00000b7b       0x14 ..\obj\sh_cmd.o
 .debug_abbrev  0x00000b8f      0x136 ..\obj\system_stm32f4xx.o
 .debug_abbrev  0x00000cc5      0x145 ..\obj\misc.o
 .debug_abbrev  0x00000e0a      0x187 ..\obj\stm32f4xx_tim.o

.debug_aranges  0x00000000      0x758
 .debug_aranges
                0x00000000       0x30 ..\obj\semihosting.o
 .debug_aranges
                0x00000030       0x60 ..\obj\stm32_ub_hcsr04.o
 .debug_aranges
                0x00000090       0x28 ..\obj\startup_stm32f4xx.o
 .debug_aranges
                0x000000b8       0x40 ..\obj\stm32_ub_led.o
 .debug_aranges
                0x000000f8       0x30 ..\obj\main.o
 .debug_aranges
                0x00000128      0x178 ..\obj\stm32f4xx_rcc.o
 .debug_aranges
                0x000002a0       0xa8 ..\obj\printf.o
 .debug_aranges
                0x00000348       0x88 ..\obj\stm32f4xx_gpio.o
 .debug_aranges
                0x000003d0       0x20 ..\obj\sh_cmd.o
 .debug_aranges
                0x000003f0       0x30 ..\obj\system_stm32f4xx.o
 .debug_aranges
                0x00000420       0x40 ..\obj\misc.o
 .debug_aranges
                0x00000460      0x2f8 ..\obj\stm32f4xx_tim.o

.debug_ranges   0x00000000      0x688
 .debug_ranges  0x00000000       0x20 ..\obj\semihosting.o
 .debug_ranges  0x00000020       0x50 ..\obj\stm32_ub_hcsr04.o
 .debug_ranges  0x00000070       0x18 ..\obj\startup_stm32f4xx.o
 .debug_ranges  0x00000088       0x30 ..\obj\stm32_ub_led.o
 .debug_ranges  0x000000b8       0x20 ..\obj\main.o
 .debug_ranges  0x000000d8      0x168 ..\obj\stm32f4xx_rcc.o
 .debug_ranges  0x00000240       0x98 ..\obj\printf.o
 .debug_ranges  0x000002d8       0x78 ..\obj\stm32f4xx_gpio.o
 .debug_ranges  0x00000350       0x20 ..\obj\system_stm32f4xx.o
 .debug_ranges  0x00000370       0x30 ..\obj\misc.o
 .debug_ranges  0x000003a0      0x2e8 ..\obj\stm32f4xx_tim.o

.debug_line     0x00000000     0x2560
 .debug_line    0x00000000       0xae ..\obj\semihosting.o
 .debug_line    0x000000ae      0x32e ..\obj\stm32_ub_hcsr04.o
 .debug_line    0x000003dc       0xa4 ..\obj\startup_stm32f4xx.o
 .debug_line    0x00000480      0x272 ..\obj\stm32_ub_led.o
 .debug_line    0x000006f2      0x2a0 ..\obj\main.o
 .debug_line    0x00000992      0x5a9 ..\obj\stm32f4xx_rcc.o
 .debug_line    0x00000f3b      0x39a ..\obj\printf.o
 .debug_line    0x000012d5      0x34e ..\obj\stm32f4xx_gpio.o
 .debug_line    0x00001623       0x85 ..\obj\sh_cmd.o
 .debug_line    0x000016a8      0x1f0 ..\obj\system_stm32f4xx.o
 .debug_line    0x00001898      0x254 ..\obj\misc.o
 .debug_line    0x00001aec      0xa74 ..\obj\stm32f4xx_tim.o

.debug_str      0x00000000     0x27b1
 .debug_str     0x00000000      0x154 ..\obj\semihosting.o
                                0x18d (size before relaxing)
 .debug_str     0x00000154      0xab4 ..\obj\stm32_ub_hcsr04.o
                                0xbef (size before relaxing)
 .debug_str     0x00000c08       0xb3 ..\obj\startup_stm32f4xx.o
                                0x14a (size before relaxing)
 .debug_str     0x00000cbb      0x10a ..\obj\stm32_ub_led.o
                                0x401 (size before relaxing)
 .debug_str     0x00000dc5       0xcc ..\obj\main.o
                                0x2f4 (size before relaxing)
 .debug_str     0x00000e91      0x5f5 ..\obj\stm32f4xx_rcc.o
                                0x853 (size before relaxing)
 .debug_str     0x00001486      0x4d7 ..\obj\printf.o
                                0x673 (size before relaxing)
 .debug_str     0x0000195d      0x1a6 ..\obj\stm32f4xx_gpio.o
                                0x4a6 (size before relaxing)
 .debug_str     0x00001b03      0x11b ..\obj\system_stm32f4xx.o
                                0x3ad (size before relaxing)
 .debug_str     0x00001c1e      0x164 ..\obj\misc.o
                                0x3d1 (size before relaxing)
 .debug_str     0x00001d82      0xa2f ..\obj\stm32f4xx_tim.o
                                0xdd3 (size before relaxing)

.comment        0x00000000       0x70
 .comment       0x00000000       0x70 ..\obj\semihosting.o
                                 0x71 (size before relaxing)
 .comment       0x00000000       0x71 ..\obj\stm32_ub_hcsr04.o
 .comment       0x00000000       0x71 ..\obj\startup_stm32f4xx.o
 .comment       0x00000000       0x71 ..\obj\stm32_ub_led.o
 .comment       0x00000000       0x71 ..\obj\main.o
 .comment       0x00000000       0x71 ..\obj\stm32f4xx_rcc.o
 .comment       0x00000000       0x71 ..\obj\printf.o
 .comment       0x00000000       0x71 ..\obj\stm32f4xx_gpio.o
 .comment       0x00000000       0x71 ..\obj\system_stm32f4xx.o
 .comment       0x00000000       0x71 ..\obj\misc.o
 .comment       0x00000000       0x71 ..\obj\stm32f4xx_tim.o

.ARM.attributes
                0x00000000       0x31
 .ARM.attributes
                0x00000000       0x33 ..\obj\semihosting.o
 .ARM.attributes
                0x00000033       0x33 ..\obj\stm32_ub_hcsr04.o
 .ARM.attributes
                0x00000066       0x33 ..\obj\startup_stm32f4xx.o
 .ARM.attributes
                0x00000099       0x33 ..\obj\stm32_ub_led.o
 .ARM.attributes
                0x000000cc       0x33 ..\obj\main.o
 .ARM.attributes
                0x000000ff       0x33 ..\obj\stm32f4xx_rcc.o
 .ARM.attributes
                0x00000132       0x33 ..\obj\printf.o
 .ARM.attributes
                0x00000165       0x33 ..\obj\stm32f4xx_gpio.o
 .ARM.attributes
                0x00000198       0x21 ..\obj\sh_cmd.o
 .ARM.attributes
                0x000001b9       0x33 ..\obj\system_stm32f4xx.o
 .ARM.attributes
                0x000001ec       0x33 ..\obj\misc.o
 .ARM.attributes
                0x0000021f       0x33 ..\obj\stm32f4xx_tim.o
 .ARM.attributes
                0x00000252       0x1e c:/program files/gnu tools arm embedded/4.8 2014q2/bin/../lib/gcc/arm-none-eabi/4.8.4/armv7e-m\libgcc.a(_arm_addsubsf3.o)
 .ARM.attributes
                0x00000270       0x1e c:/program files/gnu tools arm embedded/4.8 2014q2/bin/../lib/gcc/arm-none-eabi/4.8.4/armv7e-m\libgcc.a(_arm_muldivsf3.o)
 .ARM.attributes
                0x0000028e       0x1e c:/program files/gnu tools arm embedded/4.8 2014q2/bin/../lib/gcc/arm-none-eabi/4.8.4/armv7e-m\libgcc.a(_arm_cmpsf2.o)
 .ARM.attributes
                0x000002ac       0x1e c:/program files/gnu tools arm embedded/4.8 2014q2/bin/../lib/gcc/arm-none-eabi/4.8.4/armv7e-m\libgcc.a(_arm_fixsfsi.o)

.debug_frame    0x00000000     0x16fc
 .debug_frame   0x00000000       0x70 ..\obj\semihosting.o
 .debug_frame   0x00000070      0x11c ..\obj\stm32_ub_hcsr04.o
 .debug_frame   0x0000018c       0x48 ..\obj\startup_stm32f4xx.o
 .debug_frame   0x000001d4       0xa8 ..\obj\stm32_ub_led.o
 .debug_frame   0x0000027c       0x6c ..\obj\main.o
 .debug_frame   0x000002e8      0x4d8 ..\obj\stm32f4xx_rcc.o
 .debug_frame   0x000007c0      0x264 ..\obj\printf.o
 .debug_frame   0x00000a24      0x19c ..\obj\stm32f4xx_gpio.o
 .debug_frame   0x00000bc0       0x64 ..\obj\system_stm32f4xx.o
 .debug_frame   0x00000c24       0x9c ..\obj\misc.o
 .debug_frame   0x00000cc0      0xa3c ..\obj\stm32f4xx_tim.o
